2026-06-15T04:09:20.889+07:00  INFO 23652 --- [IT211_Ss21_Exam3] [restartedMain] c.rikkei.bank.It211Ss21Exam3Application  : Starting It211Ss21Exam3Application using Java 21.0.10 with PID 23652 (D:\Java\Ra\JavaWebService\IT211_Ss21_Exam3\build\classes\java\main started by TDG in D:\Java\Ra\JavaWebService\IT211_Ss21_Exam3)
2026-06-15T04:09:20.898+07:00 DEBUG 23652 --- [IT211_Ss21_Exam3] [restartedMain] c.rikkei.bank.It211Ss21Exam3Application  : Running with Spring Boot v3.4.3, Spring v6.2.3
2026-06-15T04:09:20.898+07:00  INFO 23652 --- [IT211_Ss21_Exam3] [restartedMain] c.rikkei.bank.It211Ss21Exam3Application  : No active profile set, falling back to 1 default profile: "default"
2026-06-15T04:09:20.967+07:00  INFO 23652 --- [IT211_Ss21_Exam3] [restartedMain] .e.DevToolsPropertyDefaultsPostProcessor : Devtools property defaults active! Set 'spring.devtools.add-properties' to 'false' to disable
2026-06-15T04:09:20.967+07:00  INFO 23652 --- [IT211_Ss21_Exam3] [restartedMain] .e.DevToolsPropertyDefaultsPostProcessor : For additional web related logging consider setting the 'logging.level.web' property to 'DEBUG'
2026-06-15T04:09:22.866+07:00  INFO 23652 --- [IT211_Ss21_Exam3] [restartedMain] .s.d.r.c.RepositoryConfigurationDelegate : Multiple Spring Data modules found, entering strict repository configuration mode
2026-06-15T04:09:22.876+07:00  INFO 23652 --- [IT211_Ss21_Exam3] [restartedMain] .s.d.r.c.RepositoryConfigurationDelegate : Bootstrapping Spring Data JPA repositories in DEFAULT mode.
2026-06-15T04:09:23.750+07:00  INFO 23652 --- [IT211_Ss21_Exam3] [restartedMain] .s.d.r.c.RepositoryConfigurationDelegate : Finished Spring Data repository scanning in 819 ms. Found 6 JPA repository interfaces.
2026-06-15T04:09:23.819+07:00  INFO 23652 --- [IT211_Ss21_Exam3] [restartedMain] .s.d.r.c.RepositoryConfigurationDelegate : Multiple Spring Data modules found, entering strict repository configuration mode
2026-06-15T04:09:23.824+07:00  INFO 23652 --- [IT211_Ss21_Exam3] [restartedMain] .s.d.r.c.RepositoryConfigurationDelegate : Bootstrapping Spring Data Redis repositories in DEFAULT mode.
2026-06-15T04:09:23.893+07:00  INFO 23652 --- [IT211_Ss21_Exam3] [restartedMain] .RepositoryConfigurationExtensionSupport : Spring Data Redis - Could not safely identify store assignment for repository candidate interface com.rikkei.bank.repository.AccountRepository; If you want this repository to be a Redis repository, consider annotating your entities with one of these annotations: org.springframework.data.redis.core.RedisHash (preferred), or consider extending one of the following types with your repository: org.springframework.data.keyvalue.repository.KeyValueRepository
2026-06-15T04:09:23.894+07:00  INFO 23652 --- [IT211_Ss21_Exam3] [restartedMain] .RepositoryConfigurationExtensionSupport : Spring Data Redis - Could not safely identify store assignment for repository candidate interface com.rikkei.bank.repository.KycProfileRepository; If you want this repository to be a Redis repository, consider annotating your entities with one of these annotations: org.springframework.data.redis.core.RedisHash (preferred), or consider extending one of the following types with your repository: org.springframework.data.keyvalue.repository.KeyValueRepository
2026-06-15T04:09:23.895+07:00  INFO 23652 --- [IT211_Ss21_Exam3] [restartedMain] .RepositoryConfigurationExtensionSupport : Spring Data Redis - Could not safely identify store assignment for repository candidate interface com.rikkei.bank.repository.RefreshTokenRepository; If you want this repository to be a Redis repository, consider annotating your entities with one of these annotations: org.springframework.data.redis.core.RedisHash (preferred), or consider extending one of the following types with your repository: org.springframework.data.keyvalue.repository.KeyValueRepository
2026-06-15T04:09:23.896+07:00  INFO 23652 --- [IT211_Ss21_Exam3] [restartedMain] .RepositoryConfigurationExtensionSupport : Spring Data Redis - Could not safely identify store assignment for repository candidate interface com.rikkei.bank.repository.RoleRepository; If you want this repository to be a Redis repository, consider annotating your entities with one of these annotations: org.springframework.data.redis.core.RedisHash (preferred), or consider extending one of the following types with your repository: org.springframework.data.keyvalue.repository.KeyValueRepository
2026-06-15T04:09:23.897+07:00  INFO 23652 --- [IT211_Ss21_Exam3] [restartedMain] .RepositoryConfigurationExtensionSupport : Spring Data Redis - Could not safely identify store assignment for repository candidate interface com.rikkei.bank.repository.TransactionRepository; If you want this repository to be a Redis repository, consider annotating your entities with one of these annotations: org.springframework.data.redis.core.RedisHash (preferred), or consider extending one of the following types with your repository: org.springframework.data.keyvalue.repository.KeyValueRepository
2026-06-15T04:09:23.898+07:00  INFO 23652 --- [IT211_Ss21_Exam3] [restartedMain] .RepositoryConfigurationExtensionSupport : Spring Data Redis - Could not safely identify store assignment for repository candidate interface com.rikkei.bank.repository.UserRepository; If you want this repository to be a Redis repository, consider annotating your entities with one of these annotations: org.springframework.data.redis.core.RedisHash (preferred), or consider extending one of the following types with your repository: org.springframework.data.keyvalue.repository.KeyValueRepository
2026-06-15T04:09:23.899+07:00  INFO 23652 --- [IT211_Ss21_Exam3] [restartedMain] .s.d.r.c.RepositoryConfigurationDelegate : Finished Spring Data repository scanning in 44 ms. Found 0 Redis repository interfaces.
2026-06-15T04:09:25.485+07:00  INFO 23652 --- [IT211_Ss21_Exam3] [restartedMain] o.s.b.w.embedded.tomcat.TomcatWebServer  : Tomcat initialized with port 8080 (http)
2026-06-15T04:09:25.502+07:00  INFO 23652 --- [IT211_Ss21_Exam3] [restartedMain] o.apache.catalina.core.StandardService   : Starting service [Tomcat]
2026-06-15T04:09:25.508+07:00  INFO 23652 --- [IT211_Ss21_Exam3] [restartedMain] o.apache.catalina.core.StandardEngine    : Starting Servlet engine: [Apache Tomcat/10.1.36]
2026-06-15T04:09:25.559+07:00  INFO 23652 --- [IT211_Ss21_Exam3] [restartedMain] o.a.c.c.C.[Tomcat].[localhost].[/]       : Initializing Spring embedded WebApplicationContext
2026-06-15T04:09:25.559+07:00  INFO 23652 --- [IT211_Ss21_Exam3] [restartedMain] w.s.c.ServletWebServerApplicationContext : Root WebApplicationContext: initialization completed in 4592 ms
2026-06-15T04:09:25.882+07:00  INFO 23652 --- [IT211_Ss21_Exam3] [restartedMain] o.hibernate.jpa.internal.util.LogHelper  : HHH000204: Processing PersistenceUnitInfo [name: default]
2026-06-15T04:09:26.022+07:00  INFO 23652 --- [IT211_Ss21_Exam3] [restartedMain] org.hibernate.Version                    : HHH000412: Hibernate ORM core version 6.6.8.Final
2026-06-15T04:09:26.112+07:00  INFO 23652 --- [IT211_Ss21_Exam3] [restartedMain] o.h.c.internal.RegionFactoryInitiator    : HHH000026: Second-level cache disabled
2026-06-15T04:09:26.529+07:00  INFO 23652 --- [IT211_Ss21_Exam3] [restartedMain] o.s.o.j.p.SpringPersistenceUnitInfo      : No LoadTimeWeaver setup: ignoring JPA class transformer
2026-06-15T04:09:26.577+07:00  INFO 23652 --- [IT211_Ss21_Exam3] [restartedMain] com.zaxxer.hikari.HikariDataSource       : HikariPool-1 - Starting...
2026-06-15T04:09:27.624+07:00  INFO 23652 --- [IT211_Ss21_Exam3] [restartedMain] com.zaxxer.hikari.pool.HikariPool        : HikariPool-1 - Added connection com.mysql.cj.jdbc.ConnectionImpl@184ee881
2026-06-15T04:09:27.624+07:00  INFO 23652 --- [IT211_Ss21_Exam3] [restartedMain] com.zaxxer.hikari.HikariDataSource       : HikariPool-1 - Start completed.
2026-06-15T04:09:27.758+07:00  WARN 23652 --- [IT211_Ss21_Exam3] [restartedMain] org.hibernate.orm.deprecation            : HHH90000025: MySQLDialect does not need to be specified explicitly using 'hibernate.dialect' (remove the property setting and it will be selected by default)
2026-06-15T04:09:27.774+07:00  INFO 23652 --- [IT211_Ss21_Exam3] [restartedMain] org.hibernate.orm.connections.pooling    : HHH10001005: Database info:
	Database JDBC URL [Connecting through datasource 'HikariDataSource (HikariPool-1)']
	Database driver: undefined/unknown
	Database version: 8.0.43
	Autocommit mode: undefined/unknown
	Isolation level: undefined/unknown
	Minimum pool size: undefined/unknown
	Maximum pool size: undefined/unknown
2026-06-15T04:09:29.034+07:00  INFO 23652 --- [IT211_Ss21_Exam3] [restartedMain] o.h.e.t.j.p.i.JtaPlatformInitiator       : HHH000489: No JTA platform available (set 'hibernate.transaction.jta.platform' to enable JTA platform integration)
2026-06-15T04:09:29.428+07:00  INFO 23652 --- [IT211_Ss21_Exam3] [restartedMain] j.LocalContainerEntityManagerFactoryBean : Initialized JPA EntityManagerFactory for persistence unit 'default'
2026-06-15T04:09:29.999+07:00  INFO 23652 --- [IT211_Ss21_Exam3] [restartedMain] o.s.d.j.r.query.QueryEnhancerFactory     : Hibernate is in classpath; If applicable, HQL parser will be used.
2026-06-15T04:09:31.325+07:00 DEBUG 23652 --- [IT211_Ss21_Exam3] [restartedMain] c.r.b.security.JwtAuthenticationFilter   : Filter 'jwtAuthenticationFilter' configured for use
2026-06-15T04:09:31.738+07:00  INFO 23652 --- [IT211_Ss21_Exam3] [restartedMain] eAuthenticationProviderManagerConfigurer : Global AuthenticationManager configured with AuthenticationProvider bean with name authenticationProvider
2026-06-15T04:09:31.738+07:00  WARN 23652 --- [IT211_Ss21_Exam3] [restartedMain] r$InitializeUserDetailsManagerConfigurer : Global AuthenticationManager configured with an AuthenticationProvider bean. UserDetailsService beans will not be used by Spring Security for automatically configuring username/password login. Consider removing the AuthenticationProvider bean. Alternatively, consider using the UserDetailsService in a manually instantiated DaoAuthenticationProvider. If the current configuration is intentional, to turn off this warning, increase the logging level of 'org.springframework.security.config.annotation.authentication.configuration.InitializeUserDetailsBeanManagerConfigurer' to ERROR
2026-06-15T04:09:33.127+07:00 DEBUG 23652 --- [IT211_Ss21_Exam3] [restartedMain] o.s.s.web.DefaultSecurityFilterChain     : Will secure any request with filters: DisableEncodeUrlFilter, WebAsyncManagerIntegrationFilter, SecurityContextHolderFilter, HeaderWriterFilter, CorsFilter, LogoutFilter, JwtAuthenticationFilter, RequestCacheAwareFilter, SecurityContextHolderAwareRequestFilter, AnonymousAuthenticationFilter, SessionManagementFilter, ExceptionTranslationFilter, AuthorizationFilter
2026-06-15T04:09:34.282+07:00  INFO 23652 --- [IT211_Ss21_Exam3] [restartedMain] o.s.b.d.a.OptionalLiveReloadServer       : LiveReload server is running on port 35729
2026-06-15T04:09:34.329+07:00  INFO 23652 --- [IT211_Ss21_Exam3] [restartedMain] o.s.b.w.embedded.tomcat.TomcatWebServer  : Tomcat started on port 8080 (http) with context path '/'
2026-06-15T04:09:34.347+07:00  INFO 23652 --- [IT211_Ss21_Exam3] [restartedMain] c.rikkei.bank.It211Ss21Exam3Application  : Started It211Ss21Exam3Application in 14.041 seconds (process running for 15.453)
2026-06-15T04:10:24.563+07:00  INFO 23652 --- [IT211_Ss21_Exam3] [SpringApplicationShutdownHook] o.s.b.w.e.tomcat.GracefulShutdown        : Commencing graceful shutdown. Waiting for active requests to complete
2026-06-15T04:10:24.569+07:00  INFO 23652 --- [IT211_Ss21_Exam3] [tomcat-shutdown] o.s.b.w.e.tomcat.GracefulShutdown        : Graceful shutdown complete
2026-06-15T04:10:24.585+07:00  INFO 23652 --- [IT211_Ss21_Exam3] [SpringApplicationShutdownHook] j.LocalContainerEntityManagerFactoryBean : Closing JPA EntityManagerFactory for persistence unit 'default'
2026-06-15T04:10:24.585+07:00  INFO 23652 --- [IT211_Ss21_Exam3] [SpringApplicationShutdownHook] com.zaxxer.hikari.HikariDataSource       : HikariPool-1 - Shutdown initiated...
2026-06-15T04:10:24.601+07:00  INFO 23652 --- [IT211_Ss21_Exam3] [SpringApplicationShutdownHook] com.zaxxer.hikari.HikariDataSource       : HikariPool-1 - Shutdown completed.
